<?xml version="1.0" encoding="utf-8"?>
<?AutomationStudio Version="4.6.3.55 SP"?>
<Objects>
  <Object
    Path="C:\projects\testing1\Logical\Package.pkg"
    LogicalPath=""
    Type="Package.ParentUnknown"
    LastWriteTime="132966258932080993" />
  <Object
    Path="C:\projects\testing1\Logical\Global.typ"
    LogicalPath="Global.typ"
    Type="File"
    LastWriteTime="132917830962244723"
    Private="false" />
  <Object
    Path="C:\projects\testing1\Logical\Global.var"
    LogicalPath="Global.var"
    Type="File"
    LastWriteTime="132917830962394319"
    Private="false" />
  <Object
    Path="C:\projects\testing1\Logical\Libraries\Package.pkg"
    LogicalPath="Libraries"
    Type="Package"
    LastWriteTime="132966335361056048" />
  <Object
    Path="C:\projects\testing1\Logical\Libraries\operator\binary.lby"
    LogicalPath="Libraries.operator"
    Type="Library"
    LastWriteTime="132091753960000000" />
  <Object
    Path="C:\projects\testing1\Logical\Libraries\operator\operator.fun"
    LogicalPath="Libraries.operator.operator.fun"
    Type="File"
    LastWriteTime="132091753120000000"
    Private="false" />
  <Object
    Path="C:\projects\testing1\Logical\Libraries\operator\operator.typ"
    LogicalPath="Libraries.operator.operator.typ"
    Type="File"
    LastWriteTime="132091753400000000"
    Private="false" />
  <Object
    Path="C:\projects\testing1\Logical\Libraries\operator\operator.var"
    LogicalPath="Libraries.operator.operator.var"
    Type="File"
    LastWriteTime="132091753680000000"
    Private="false" />
  <Object
    Path="C:\projects\testing1\Logical\Libraries\runtime\binary.lby"
    LogicalPath="Libraries.runtime"
    Type="Library"
    LastWriteTime="132091753960000000" />
  <Object
    Path="C:\projects\testing1\Logical\Libraries\runtime\runtime.fun"
    LogicalPath="Libraries.runtime.runtime.fun"
    Type="File"
    LastWriteTime="132091753120000000"
    Private="false" />
  <Object
    Path="C:\projects\testing1\Logical\Libraries\runtime\runtime.typ"
    LogicalPath="Libraries.runtime.runtime.typ"
    Type="File"
    LastWriteTime="132091753400000000"
    Private="false" />
  <Object
    Path="C:\projects\testing1\Logical\Libraries\runtime\runtime.var"
    LogicalPath="Libraries.runtime.runtime.var"
    Type="File"
    LastWriteTime="132091753680000000"
    Private="false" />
  <Object
    Path="C:\projects\testing1\Logical\Libraries\astime\binary.lby"
    LogicalPath="Libraries.astime"
    Type="Library"
    LastWriteTime="132091753900000000" />
  <Object
    Path="C:\projects\testing1\Logical\Libraries\astime\astime.fun"
    LogicalPath="Libraries.astime.astime.fun"
    Type="File"
    LastWriteTime="132091753060000000"
    Private="false" />
  <Object
    Path="C:\projects\testing1\Logical\Libraries\astime\astime.typ"
    LogicalPath="Libraries.astime.astime.typ"
    Type="File"
    LastWriteTime="132091753340000000"
    Private="false" />
  <Object
    Path="C:\projects\testing1\Logical\Libraries\astime\astime.var"
    LogicalPath="Libraries.astime.astime.var"
    Type="File"
    LastWriteTime="132091753620000000"
    Private="false" />
  <Object
    Path="C:\projects\testing1\Logical\Libraries\AsIecCon\binary.lby"
    LogicalPath="Libraries.AsIecCon"
    Type="Library"
    LastWriteTime="132091753800000000" />
  <Object
    Path="C:\projects\testing1\Logical\Libraries\AsIecCon\AsIecCon.fun"
    LogicalPath="Libraries.AsIecCon.AsIecCon.fun"
    Type="File"
    LastWriteTime="132091752940000000"
    Private="false" />
  <Object
    Path="C:\projects\testing1\Logical\Libraries\AsIecCon\AsIecCon.typ"
    LogicalPath="Libraries.AsIecCon.AsIecCon.typ"
    Type="File"
    LastWriteTime="132091753240000000"
    Private="false" />
  <Object
    Path="C:\projects\testing1\Logical\Libraries\AsIecCon\AsIecCon.var"
    LogicalPath="Libraries.AsIecCon.AsIecCon.var"
    Type="File"
    LastWriteTime="132091753520000000"
    Private="false" />
  <Object
    Path="C:\projects\testing1\Logical\Libraries\AsBrStr\binary.lby"
    LogicalPath="Libraries.AsBrStr"
    Type="Library"
    LastWriteTime="132966335360930691" />
  <Object
    Path="C:\projects\testing1\Logical\Libraries\AsBrStr\AsBrStr.fun"
    LogicalPath="Libraries.AsBrStr.AsBrStr.fun"
    Type="File"
    LastWriteTime="132966335360850904"
    Private="false" />
  <Object
    Path="C:\projects\testing1\Logical\Libraries\AsBrStr\AsBrStr.typ"
    LogicalPath="Libraries.AsBrStr.AsBrStr.typ"
    Type="File"
    LastWriteTime="132966335360890775"
    Private="false" />
  <Object
    Path="C:\projects\testing1\Logical\Libraries\AsBrStr\AsBrStr.var"
    LogicalPath="Libraries.AsBrStr.AsBrStr.var"
    Type="File"
    LastWriteTime="132966335360920373"
    Private="false" />
  <Object
    Path="C:\projects\testing1\Logical\mappView\Package.pkg"
    LogicalPath="mappView"
    Type="Package"
    LastWriteTime="132917832794622253" />
  <Object
    Path="C:\projects\testing1\Logical\mappView\Layouts\Package.pkg"
    LogicalPath="mappView.Layouts"
    Type="Package"
    LastWriteTime="132917832653547342" />
  <Object
    Path="C:\projects\testing1\Logical\mappView\Widgets\Package.pkg"
    LogicalPath="mappView.Widgets"
    Type="Package"
    LastWriteTime="132917832653577268" />
  <Object
    Path="C:\projects\testing1\Logical\mappView\Resources\Package.pkg"
    LogicalPath="mappView.Resources"
    Type="Package"
    LastWriteTime="132917832653734723" />
  <Object
    Path="C:\projects\testing1\Logical\mappView\Resources\Texts\Package.pkg"
    LogicalPath="mappView.Resources.Texts"
    Type="Package"
    LastWriteTime="132917832653637105" />
  <Object
    Path="C:\projects\testing1\Logical\mappView\Resources\Snippets\Package.pkg"
    LogicalPath="mappView.Resources.Snippets"
    Type="Package"
    LastWriteTime="132917832653674880" />
  <Object
    Path="C:\projects\testing1\Logical\mappView\Resources\Themes\Package.pkg"
    LogicalPath="mappView.Resources.Themes"
    Type="Package"
    LastWriteTime="132917832653704800" />
  <Object
    Path="C:\projects\testing1\Logical\mappView\Resources\Media\Package.pkg"
    LogicalPath="mappView.Resources.Media"
    Type="Package"
    LastWriteTime="132917832653734723" />
  <Object
    Path="C:\projects\testing1\Logical\mappView\Visualization\Package.pkg"
    LogicalPath="mappView.Visualization"
    Type="Package"
    LastWriteTime="132917832794612275" />
  <Object
    Path="C:\projects\testing1\Logical\mappView\Visualization\Pages\Package.pkg"
    LogicalPath="mappView.Visualization.Pages"
    Type="Package"
    LastWriteTime="132917836514556691" />
  <Object
    Path="C:\projects\testing1\Logical\mappView\Visualization\Pages\AreaContents\Package.pkg"
    LogicalPath="mappView.Visualization.Pages.AreaContents"
    Type="Package"
    LastWriteTime="132917836929831949" />
  <Object
    Path="C:\projects\testing1\Logical\mappView\Visualization\Pages\AreaContents\Navigation.content"
    LogicalPath="mappView.Visualization.Pages.AreaContents.Navigation.content"
    Type="File"
    LastWriteTime="132917863040520700"
    Private="false" />
  <Object
    Path="C:\projects\testing1\Logical\mappView\Visualization\Pages\Page1\Package.pkg"
    LogicalPath="mappView.Visualization.Pages.Page1"
    Type="Package"
    LastWriteTime="132917838079128070" />
  <Object
    Path="C:\projects\testing1\Logical\mappView\Visualization\Pages\Page1\Page.page"
    LogicalPath="mappView.Visualization.Pages.Page1.Page.page"
    Type="File"
    LastWriteTime="132918022474701676"
    Private="false" />
  <Object
    Path="C:\projects\testing1\Logical\mappView\Visualization\Pages\Page1\Page1_content.content"
    LogicalPath="mappView.Visualization.Pages.Page1.Page1_content.content"
    Type="File"
    LastWriteTime="132917975118394539"
    Private="false" />
  <Object
    Path="C:\projects\testing1\Logical\mappView\Visualization\Pages\Page2\Package.pkg"
    LogicalPath="mappView.Visualization.Pages.Page2"
    Type="Package"
    LastWriteTime="132917838500424231" />
  <Object
    Path="C:\projects\testing1\Logical\mappView\Visualization\Pages\Page2\Page.page"
    LogicalPath="mappView.Visualization.Pages.Page2.Page.page"
    Type="File"
    LastWriteTime="132917865788994200"
    Private="false" />
  <Object
    Path="C:\projects\testing1\Logical\mappView\Visualization\Pages\Page2\Page2_content.content"
    LogicalPath="mappView.Visualization.Pages.Page2.Page2_content.content"
    Type="File"
    LastWriteTime="132917976079828861"
    Private="false" />
  <Object
    Path="C:\projects\testing1\Logical\mappView\Visualization\Variables\Package.pkg"
    LogicalPath="mappView.Visualization.Variables"
    Type="Package"
    LastWriteTime="132917832794373246" />
  <Object
    Path="C:\projects\testing1\Logical\mappView\Visualization\Expressions\Package.pkg"
    LogicalPath="mappView.Visualization.Expressions"
    Type="Package"
    LastWriteTime="132917832794412812" />
  <Object
    Path="C:\projects\testing1\Logical\mappView\Visualization\Layouts\Package.pkg"
    LogicalPath="mappView.Visualization.Layouts"
    Type="Package"
    LastWriteTime="132917832985866295" />
  <Object
    Path="C:\projects\testing1\Logical\mappView\Visualization\Layouts\Layout.layout"
    LogicalPath="mappView.Visualization.Layouts.Layout.layout"
    Type="File"
    LastWriteTime="132917835394507947"
    Private="false" />
  <Object
    Path="C:\projects\testing1\Logical\mappView\Visualization\Dialogs\Package.pkg"
    LogicalPath="mappView.Visualization.Dialogs"
    Type="Package"
    LastWriteTime="132917832794512550" />
  <Object
    Path="C:\projects\testing1\Logical\mappView\Visualization\Dialogs\AreaContents\Package.pkg"
    LogicalPath="mappView.Visualization.Dialogs.AreaContents"
    Type="Package"
    LastWriteTime="132917832794502576" />
  <Object
    Path="C:\projects\testing1\Logical\mappView\Visualization\Resources\Package.pkg"
    LogicalPath="mappView.Visualization.Resources"
    Type="Package"
    LastWriteTime="132917832794612275" />
  <Object
    Path="C:\projects\testing1\Logical\mappView\Visualization\Resources\Texts\Package.pkg"
    LogicalPath="mappView.Visualization.Resources.Texts"
    Type="Package"
    LastWriteTime="132917832794572387" />
  <Object
    Path="C:\projects\testing1\Logical\mappView\Visualization\Resources\Snippets\Package.pkg"
    LogicalPath="mappView.Visualization.Resources.Snippets"
    Type="Package"
    LastWriteTime="132917832794602302" />
  <Object
    Path="C:\projects\testing1\Logical\Program\IEC.prg"
    LogicalPath="Program"
    Type="Program"
    LastWriteTime="132917971338156592" />
  <Object
    Path="C:\projects\testing1\Logical\Program\Cyclic.st"
    LogicalPath="Program.Cyclic.st"
    Type="File"
    LastWriteTime="132917971338062811"
    Private="false" />
  <Object
    Path="C:\projects\testing1\Logical\Program\Init.st"
    LogicalPath="Program.Init.st"
    Type="File"
    LastWriteTime="132917972797139225"
    Private="false" />
  <Object
    Path="C:\projects\testing1\Logical\Program\Exit.st"
    LogicalPath="Program.Exit.st"
    Type="File"
    LastWriteTime="132917971338112677"
    Private="false" />
  <Object
    Path="C:\projects\testing1\Logical\Program\Types.typ"
    LogicalPath="Program.Types.typ"
    Type="File"
    LastWriteTime="132917971338132621"
    Private="true" />
  <Object
    Path="C:\projects\testing1\Logical\Program\Variables.var"
    LogicalPath="Program.Variables.var"
    Type="File"
    LastWriteTime="132917972159585450"
    Private="true" />
  <Object
    Path="C:\projects\testing1\Logical\Program1\IEC.prg"
    LogicalPath="Program1"
    Type="Program"
    LastWriteTime="132931666281326373" />
  <Object
    Path="C:\projects\testing1\Logical\Program1\Cyclic.ld"
    LogicalPath="Program1.Cyclic.ld"
    Type="File"
    LastWriteTime="132931666281216665"
    Private="false" />
  <Object
    Path="C:\projects\testing1\Logical\Program1\Init.ld"
    LogicalPath="Program1.Init.ld"
    Type="File"
    LastWriteTime="132931666281236612"
    Private="false" />
  <Object
    Path="C:\projects\testing1\Logical\Program1\Exit.ld"
    LogicalPath="Program1.Exit.ld"
    Type="File"
    LastWriteTime="132931666281266536"
    Private="false" />
  <Object
    Path="C:\projects\testing1\Logical\Program1\Types.typ"
    LogicalPath="Program1.Types.typ"
    Type="File"
    LastWriteTime="132931666281296451"
    Private="true" />
  <Object
    Path="C:\projects\testing1\Logical\Program1\Variables.var"
    LogicalPath="Program1.Variables.var"
    Type="File"
    LastWriteTime="132931666281326373"
    Private="true" />
  <Object
    Path="C:\projects\testing1\Logical\RevInfo\Package.pkg"
    LogicalPath="RevInfo"
    Type="Package"
    LastWriteTime="132844904100000000" />
  <Object
    Path="C:\projects\testing1\Logical\RevInfo\getRevInfo.sh"
    LogicalPath="RevInfo.getRevInfo.sh"
    Type="File"
    LastWriteTime="132847495760000000"
    Private="false" />
  <Object
    Path="C:\projects\testing1\Logical\RevInfo\RevInfo.var"
    LogicalPath="RevInfo.RevInfo.var"
    Type="File"
    LastWriteTime="132847496120000000"
    Private="true" />
  <Object
    Path="C:\projects\testing1\Logical\RevInfo\RevInfo\IEC.prg"
    LogicalPath="RevInfo.RevInfo"
    Type="Program"
    LastWriteTime="132844905420000000" />
  <Object
    Path="C:\projects\testing1\Logical\RevInfo\RevInfo\Main.st"
    LogicalPath="RevInfo.RevInfo.Main.st"
    Type="File"
    LastWriteTime="132857830640000000"
    Private="false" />
  <Object
    Path="C:\projects\testing1\Logical\RevInfo\RevInfo\Types.typ"
    LogicalPath="RevInfo.RevInfo.Types.typ"
    Type="File"
    LastWriteTime="132806102440000000"
    Private="true" />
  <Object
    Path="C:\projects\testing1\Logical\RevInfo\RevInfo\Variables.var"
    LogicalPath="RevInfo.RevInfo.Variables.var"
    Type="File"
    LastWriteTime="132806139480000000"
    Private="true" />
  <Object
    Path="C:\projects\testing1\Physical\Config1\Config.pkg"
    LogicalPath="Config1"
    Type="Configuration.ParentUnknown"
    LastWriteTime="132917831036866894" />
  <Object
    Path="C:\projects\testing1\Physical\Config1\Hardware.hw"
    LogicalPath="Config1.Hardware.hw"
    Type="File"
    LastWriteTime="132966400592006891"
    Private="false" />
  <Object
    Path="C:\projects\testing1\Physical\Config1\Hardware.hwl"
    LogicalPath="Config1.Hardware.hwl"
    Type="File"
    LastWriteTime="132007326100000000"
    Private="false" />
  <Object
    Path="C:\projects\testing1\Physical\Config1\X20CP1586\Cpu.pkg"
    LogicalPath="Config1.X20CP1586"
    Type="Cpu"
    LastWriteTime="132966333720838356" />
  <Object
    Path="C:\projects\testing1\Physical\Config1\X20CP1586\Cpu.sw"
    LogicalPath="Config1.X20CP1586.Cpu.sw"
    Type="File"
    LastWriteTime="132966335362330242"
    Private="false" />
  <Object
    Path="C:\projects\testing1\Physical\Config1\X20CP1586\Cpu.per"
    LogicalPath="Config1.X20CP1586.Cpu.per"
    Type="File"
    LastWriteTime="132917831009686603"
    Private="false" />
  <Object
    Path="C:\projects\testing1\Physical\Config1\X20CP1586\IoMap.iom"
    LogicalPath="Config1.X20CP1586.IoMap.iom"
    Type="File"
    LastWriteTime="132917831009716210"
    Private="false" />
  <Object
    Path="C:\projects\testing1\Physical\Config1\X20CP1586\PvMap.vvm"
    LogicalPath="Config1.X20CP1586.PvMap.vvm"
    Type="File"
    LastWriteTime="132917831009805970"
    Private="false" />
  <Object
    Path="C:\projects\testing1\Physical\Config1\X20CP1586\Connectivity\Package.pkg"
    LogicalPath="Config1.X20CP1586.Connectivity"
    Type="Package"
    LastWriteTime="132917831011267178" />
  <Object
    Path="C:\projects\testing1\Physical\Config1\X20CP1586\Connectivity\OpcUA\Package.pkg"
    LogicalPath="Config1.X20CP1586.Connectivity.OpcUA"
    Type="Package"
    LastWriteTime="132917973041292523" />
  <Object
    Path="C:\projects\testing1\Physical\Config1\X20CP1586\Connectivity\OpcUA\OpcUaMap.uad"
    LogicalPath="Config1.X20CP1586.Connectivity.OpcUA.OpcUaMap.uad"
    Type="File"
    LastWriteTime="132917974001137638"
    Private="false" />
  <Object
    Path="C:\projects\testing1\Physical\Config1\X20CP1586\TextSystem\Package.pkg"
    LogicalPath="Config1.X20CP1586.TextSystem"
    Type="Package"
    LastWriteTime="132917831011317045" />
  <Object
    Path="C:\projects\testing1\Physical\Config1\X20CP1586\UnitSystem\Package.pkg"
    LogicalPath="Config1.X20CP1586.UnitSystem"
    Type="Package"
    LastWriteTime="132917831011396822" />
  <Object
    Path="C:\projects\testing1\Physical\Config1\X20CP1586\AccessAndSecurity\Package.pkg"
    LogicalPath="Config1.X20CP1586.AccessAndSecurity"
    Type="Package"
    LastWriteTime="132917831012173149" />
  <Object
    Path="C:\projects\testing1\Physical\Config1\X20CP1586\AccessAndSecurity\UserRoleSystem\Package.pkg"
    LogicalPath="Config1.X20CP1586.AccessAndSecurity.UserRoleSystem"
    Type="Package"
    LastWriteTime="132917831011724353" />
  <Object
    Path="C:\projects\testing1\Physical\Config1\X20CP1586\AccessAndSecurity\UserRoleSystem\Role.role"
    LogicalPath="Config1.X20CP1586.AccessAndSecurity.UserRoleSystem.Role.role"
    Type="File"
    LastWriteTime="132917831011614647"
    Private="false" />
  <Object
    Path="C:\projects\testing1\Physical\Config1\X20CP1586\AccessAndSecurity\UserRoleSystem\User.user"
    LogicalPath="Config1.X20CP1586.AccessAndSecurity.UserRoleSystem.User.user"
    Type="File"
    LastWriteTime="132917831011714376"
    Private="false" />
  <Object
    Path="C:\projects\testing1\Physical\Config1\X20CP1586\AccessAndSecurity\CertificateStore\Package.pkg"
    LogicalPath="Config1.X20CP1586.AccessAndSecurity.CertificateStore"
    Type="Package"
    LastWriteTime="132917831011983656" />
  <Object
    Path="C:\projects\testing1\Physical\Config1\X20CP1586\AccessAndSecurity\CertificateStore\OwnCertificates\Package.pkg"
    LogicalPath="Config1.X20CP1586.AccessAndSecurity.CertificateStore.OwnCertificates"
    Type="Package"
    LastWriteTime="132917831011844030" />
  <Object
    Path="C:\projects\testing1\Physical\Config1\X20CP1586\AccessAndSecurity\CertificateStore\OwnCertificates\Certificates\Package.pkg"
    LogicalPath="Config1.X20CP1586.AccessAndSecurity.CertificateStore.OwnCertificates.Certificates"
    Type="Package"
    LastWriteTime="132917831011794166" />
  <Object
    Path="C:\projects\testing1\Physical\Config1\X20CP1586\AccessAndSecurity\CertificateStore\OwnCertificates\PrivateKeys\Package.pkg"
    LogicalPath="Config1.X20CP1586.AccessAndSecurity.CertificateStore.OwnCertificates.PrivateKeys"
    Type="Package"
    LastWriteTime="132917831011834060" />
  <Object
    Path="C:\projects\testing1\Physical\Config1\X20CP1586\AccessAndSecurity\CertificateStore\ThirdPartyCertificates\Package.pkg"
    LogicalPath="Config1.X20CP1586.AccessAndSecurity.CertificateStore.ThirdPartyCertificates"
    Type="Package"
    LastWriteTime="132917831011913859" />
  <Object
    Path="C:\projects\testing1\Physical\Config1\X20CP1586\AccessAndSecurity\CertificateStore\ThirdPartyCertificates\SoftwareCertificates\Package.pkg"
    LogicalPath="Config1.X20CP1586.AccessAndSecurity.CertificateStore.ThirdPartyCertificates.SoftwareCertificates"
    Type="Package"
    LastWriteTime="132917831011903877" />
  <Object
    Path="C:\projects\testing1\Physical\Config1\X20CP1586\AccessAndSecurity\CertificateStore\CertificateRevocationLists\Package.pkg"
    LogicalPath="Config1.X20CP1586.AccessAndSecurity.CertificateStore.CertificateRevocationLists"
    Type="Package"
    LastWriteTime="132917831011943772" />
  <Object
    Path="C:\projects\testing1\Physical\Config1\X20CP1586\AccessAndSecurity\CertificateStore\CertificateSigningRequests\Package.pkg"
    LogicalPath="Config1.X20CP1586.AccessAndSecurity.CertificateStore.CertificateSigningRequests"
    Type="Package"
    LastWriteTime="132917831011983656" />
  <Object
    Path="C:\projects\testing1\Physical\Config1\X20CP1586\AccessAndSecurity\TransportLayerSecurity\Package.pkg"
    LogicalPath="Config1.X20CP1586.AccessAndSecurity.TransportLayerSecurity"
    Type="Package"
    LastWriteTime="132917831012033524" />
  <Object
    Path="C:\projects\testing1\Physical\Config1\X20CP1586\AccessAndSecurity\Firewall\Package.pkg"
    LogicalPath="Config1.X20CP1586.AccessAndSecurity.Firewall"
    Type="Package"
    LastWriteTime="132917831012163175" />
  <Object
    Path="C:\projects\testing1\Physical\Config1\X20CP1586\AccessAndSecurity\Firewall\Rules.firewallRules"
    LogicalPath="Config1.X20CP1586.AccessAndSecurity.Firewall.Rules.firewallRules"
    Type="File"
    LastWriteTime="132917831012163175"
    Private="false" />
  <Object
    Path="C:\projects\testing1\Physical\Config1\X20CP1586\mappControl\Package.pkg"
    LogicalPath="Config1.X20CP1586.mappControl"
    Type="Package"
    LastWriteTime="132917831012213057" />
  <Object
    Path="C:\projects\testing1\Physical\Config1\X20CP1586\mappMotion\Package.pkg"
    LogicalPath="Config1.X20CP1586.mappMotion"
    Type="Package"
    LastWriteTime="132917831012302808" />
  <Object
    Path="C:\projects\testing1\Physical\Config1\X20CP1586\mappServices\Package.pkg"
    LogicalPath="Config1.X20CP1586.mappServices"
    Type="Package"
    LastWriteTime="132917831012402548" />
  <Object
    Path="C:\projects\testing1\Physical\Config1\X20CP1586\mappView\Package.pkg"
    LogicalPath="Config1.X20CP1586.mappView"
    Type="Package"
    LastWriteTime="132917968294198792" />
  <Object
    Path="C:\projects\testing1\Physical\Config1\X20CP1586\mappView\Config.mappviewcfg"
    LogicalPath="Config1.X20CP1586.mappView.Config.mappviewcfg"
    Type="File"
    LastWriteTime="132917968140222627"
    Private="false" />
  <Object
    Path="C:\projects\testing1\Physical\Config1\X20CP1586\mappView\Visualizat.vis"
    LogicalPath="Config1.X20CP1586.mappView.Visualizat.vis"
    Type="File"
    LastWriteTime="132917970159513613"
    Private="false" />
  <Object
    Path="C:\projects\testing1\Physical\Config1\X20CP1586\mappView\Binding.binding"
    LogicalPath="Config1.X20CP1586.mappView.Binding.binding"
    Type="File"
    LastWriteTime="132917975118512720"
    Private="false" />
  <Object
    Path="C:\projects\testing1\Physical\Config1\X20CP1586\mappCockpit\Package.pkg"
    LogicalPath="Config1.X20CP1586.mappCockpit"
    Type="Package"
    LastWriteTime="132917831012671813" />
  <Object
    Path="C:\projects\testing1\Physical\Config1\Hardware.jpg"
    LogicalPath="Config1.Hardware.jpg"
    Type="File"
    LastWriteTime="132917968522882322"
    Private="false" />
</Objects>