<?xml version="1.0" encoding="utf-8"?>
<?AutomationStudio Version="4.6.3.55 SP"?>
<Objects>
  <Object
    Path="C:\projects\BnR_Dummy\Logical\Package.pkg"
    LogicalPath=""
    Type="Package.ParentUnknown"
    LastWriteTime="132965407072823788" />
  <Object
    Path="C:\projects\BnR_Dummy\Logical\Global.typ"
    LogicalPath="Global.typ"
    Type="File"
    LastWriteTime="132965405875338798"
    Private="false" />
  <Object
    Path="C:\projects\BnR_Dummy\Logical\Global.var"
    LogicalPath="Global.var"
    Type="File"
    LastWriteTime="132965405875503730"
    Private="false" />
  <Object
    Path="C:\projects\BnR_Dummy\Logical\Libraries\Package.pkg"
    LogicalPath="Libraries"
    Type="Package"
    LastWriteTime="132965552366205645" />
  <Object
    Path="C:\projects\BnR_Dummy\Logical\Libraries\operator\binary.lby"
    LogicalPath="Libraries.operator"
    Type="Library"
    LastWriteTime="132965405881616549" />
  <Object
    Path="C:\projects\BnR_Dummy\Logical\Libraries\operator\operator.fun"
    LogicalPath="Libraries.operator.operator.fun"
    Type="File"
    LastWriteTime="132965405881526603"
    Private="false" />
  <Object
    Path="C:\projects\BnR_Dummy\Logical\Libraries\operator\operator.typ"
    LogicalPath="Libraries.operator.operator.typ"
    Type="File"
    LastWriteTime="132965405881586471"
    Private="false" />
  <Object
    Path="C:\projects\BnR_Dummy\Logical\Libraries\operator\operator.var"
    LogicalPath="Libraries.operator.operator.var"
    Type="File"
    LastWriteTime="132965405881606430"
    Private="false" />
  <Object
    Path="C:\projects\BnR_Dummy\Logical\Libraries\runtime\binary.lby"
    LogicalPath="Libraries.runtime"
    Type="Library"
    LastWriteTime="132965405885233363" />
  <Object
    Path="C:\projects\BnR_Dummy\Logical\Libraries\runtime\runtime.fun"
    LogicalPath="Libraries.runtime.runtime.fun"
    Type="File"
    LastWriteTime="132965405885163790"
    Private="false" />
  <Object
    Path="C:\projects\BnR_Dummy\Logical\Libraries\runtime\runtime.typ"
    LogicalPath="Libraries.runtime.runtime.typ"
    Type="File"
    LastWriteTime="132965405885193474"
    Private="false" />
  <Object
    Path="C:\projects\BnR_Dummy\Logical\Libraries\runtime\runtime.var"
    LogicalPath="Libraries.runtime.runtime.var"
    Type="File"
    LastWriteTime="132965405885223413"
    Private="false" />
  <Object
    Path="C:\projects\BnR_Dummy\Logical\Libraries\astime\binary.lby"
    LogicalPath="Libraries.astime"
    Type="Library"
    LastWriteTime="132965405888024185" />
  <Object
    Path="C:\projects\BnR_Dummy\Logical\Libraries\astime\astime.fun"
    LogicalPath="Libraries.astime.astime.fun"
    Type="File"
    LastWriteTime="132965405887964672"
    Private="false" />
  <Object
    Path="C:\projects\BnR_Dummy\Logical\Libraries\astime\astime.typ"
    LogicalPath="Libraries.astime.astime.typ"
    Type="File"
    LastWriteTime="132965405887994538"
    Private="false" />
  <Object
    Path="C:\projects\BnR_Dummy\Logical\Libraries\astime\astime.var"
    LogicalPath="Libraries.astime.astime.var"
    Type="File"
    LastWriteTime="132965405888024185"
    Private="false" />
  <Object
    Path="C:\projects\BnR_Dummy\Logical\Libraries\AsIecCon\binary.lby"
    LogicalPath="Libraries.AsIecCon"
    Type="Library"
    LastWriteTime="132965405890813993" />
  <Object
    Path="C:\projects\BnR_Dummy\Logical\Libraries\AsIecCon\AsIecCon.fun"
    LogicalPath="Libraries.AsIecCon.AsIecCon.fun"
    Type="File"
    LastWriteTime="132965405890754202"
    Private="false" />
  <Object
    Path="C:\projects\BnR_Dummy\Logical\Libraries\AsIecCon\AsIecCon.typ"
    LogicalPath="Libraries.AsIecCon.AsIecCon.typ"
    Type="File"
    LastWriteTime="132965405890784083"
    Private="false" />
  <Object
    Path="C:\projects\BnR_Dummy\Logical\Libraries\AsIecCon\AsIecCon.var"
    LogicalPath="Libraries.AsIecCon.AsIecCon.var"
    Type="File"
    LastWriteTime="132965405890804016"
    Private="false" />
  <Object
    Path="C:\projects\BnR_Dummy\Logical\Libraries\AsBrStr\binary.lby"
    LogicalPath="Libraries.AsBrStr"
    Type="Library"
    LastWriteTime="132965552366026129" />
  <Object
    Path="C:\projects\BnR_Dummy\Logical\Libraries\AsBrStr\AsBrStr.fun"
    LogicalPath="Libraries.AsBrStr.AsBrStr.fun"
    Type="File"
    LastWriteTime="132965552365966293"
    Private="false" />
  <Object
    Path="C:\projects\BnR_Dummy\Logical\Libraries\AsBrStr\AsBrStr.typ"
    LogicalPath="Libraries.AsBrStr.AsBrStr.typ"
    Type="File"
    LastWriteTime="132965552365996387"
    Private="false" />
  <Object
    Path="C:\projects\BnR_Dummy\Logical\Libraries\AsBrStr\AsBrStr.var"
    LogicalPath="Libraries.AsBrStr.AsBrStr.var"
    Type="File"
    LastWriteTime="132965552366026129"
    Private="false" />
  <Object
    Path="C:\projects\BnR_Dummy\Logical\RevInfo\Package.pkg"
    LogicalPath="RevInfo"
    Type="Package"
    LastWriteTime="132844904100000000" />
  <Object
    Path="C:\projects\BnR_Dummy\Logical\RevInfo\getRevInfo.sh"
    LogicalPath="RevInfo.getRevInfo.sh"
    Type="File"
    LastWriteTime="132847495760000000"
    Private="false" />
  <Object
    Path="C:\projects\BnR_Dummy\Logical\RevInfo\RevInfo.var"
    LogicalPath="RevInfo.RevInfo.var"
    Type="File"
    LastWriteTime="132847496120000000"
    Private="true" />
  <Object
    Path="C:\projects\BnR_Dummy\Logical\RevInfo\RevInfo\IEC.prg"
    LogicalPath="RevInfo.RevInfo"
    Type="Program"
    LastWriteTime="132844905420000000" />
  <Object
    Path="C:\projects\BnR_Dummy\Logical\RevInfo\RevInfo\Main.st"
    LogicalPath="RevInfo.RevInfo.Main.st"
    Type="File"
    LastWriteTime="132857830640000000"
    Private="false" />
  <Object
    Path="C:\projects\BnR_Dummy\Logical\RevInfo\RevInfo\Types.typ"
    LogicalPath="RevInfo.RevInfo.Types.typ"
    Type="File"
    LastWriteTime="132806102440000000"
    Private="true" />
  <Object
    Path="C:\projects\BnR_Dummy\Logical\RevInfo\RevInfo\Variables.var"
    LogicalPath="RevInfo.RevInfo.Variables.var"
    Type="File"
    LastWriteTime="132806139480000000"
    Private="true" />
  <Object
    Path="C:\projects\BnR_Dummy\Physical\Config1\Config.pkg"
    LogicalPath="Config1"
    Type="Configuration.ParentUnknown"
    LastWriteTime="132965405914163106" />
  <Object
    Path="C:\projects\BnR_Dummy\Physical\Config1\Hardware.hw"
    LogicalPath="Config1.Hardware.hw"
    Type="File"
    LastWriteTime="132965552650426383"
    Private="false" />
  <Object
    Path="C:\projects\BnR_Dummy\Physical\Config1\Hardware.hwl"
    LogicalPath="Config1.Hardware.hwl"
    Type="File"
    LastWriteTime="132007326100000000"
    Private="false" />
  <Object
    Path="C:\projects\BnR_Dummy\Physical\Config1\X20CP1586\Cpu.pkg"
    LogicalPath="Config1.X20CP1586"
    Type="Cpu"
    LastWriteTime="132965481175201951" />
  <Object
    Path="C:\projects\BnR_Dummy\Physical\Config1\X20CP1586\Cpu.sw"
    LogicalPath="Config1.X20CP1586.Cpu.sw"
    Type="File"
    LastWriteTime="132965552366723532"
    Private="false" />
  <Object
    Path="C:\projects\BnR_Dummy\Physical\Config1\X20CP1586\Cpu.per"
    LogicalPath="Config1.X20CP1586.Cpu.per"
    Type="File"
    LastWriteTime="132965405894643740"
    Private="false" />
  <Object
    Path="C:\projects\BnR_Dummy\Physical\Config1\X20CP1586\IoMap.iom"
    LogicalPath="Config1.X20CP1586.IoMap.iom"
    Type="File"
    LastWriteTime="132965405894673327"
    Private="false" />
  <Object
    Path="C:\projects\BnR_Dummy\Physical\Config1\X20CP1586\PvMap.vvm"
    LogicalPath="Config1.X20CP1586.PvMap.vvm"
    Type="File"
    LastWriteTime="132965405894729326"
    Private="false" />
  <Object
    Path="C:\projects\BnR_Dummy\Physical\Config1\X20CP1586\Connectivity\Package.pkg"
    LogicalPath="Config1.X20CP1586.Connectivity"
    Type="Package"
    LastWriteTime="132965405895003177" />
  <Object
    Path="C:\projects\BnR_Dummy\Physical\Config1\X20CP1586\Connectivity\OpcUA\Package.pkg"
    LogicalPath="Config1.X20CP1586.Connectivity.OpcUA"
    Type="Package"
    LastWriteTime="132965405894993232" />
  <Object
    Path="C:\projects\BnR_Dummy\Physical\Config1\X20CP1586\TextSystem\Package.pkg"
    LogicalPath="Config1.X20CP1586.TextSystem"
    Type="Package"
    LastWriteTime="132965405895053420" />
  <Object
    Path="C:\projects\BnR_Dummy\Physical\Config1\X20CP1586\UnitSystem\Package.pkg"
    LogicalPath="Config1.X20CP1586.UnitSystem"
    Type="Package"
    LastWriteTime="132965405895113274" />
  <Object
    Path="C:\projects\BnR_Dummy\Physical\Config1\X20CP1586\AccessAndSecurity\Package.pkg"
    LogicalPath="Config1.X20CP1586.AccessAndSecurity"
    Type="Package"
    LastWriteTime="132965405895663879" />
  <Object
    Path="C:\projects\BnR_Dummy\Physical\Config1\X20CP1586\AccessAndSecurity\UserRoleSystem\Package.pkg"
    LogicalPath="Config1.X20CP1586.AccessAndSecurity.UserRoleSystem"
    Type="Package"
    LastWriteTime="132965405895265954" />
  <Object
    Path="C:\projects\BnR_Dummy\Physical\Config1\X20CP1586\AccessAndSecurity\UserRoleSystem\Role.role"
    LogicalPath="Config1.X20CP1586.AccessAndSecurity.UserRoleSystem.Role.role"
    Type="File"
    LastWriteTime="132965405895236025"
    Private="false" />
  <Object
    Path="C:\projects\BnR_Dummy\Physical\Config1\X20CP1586\AccessAndSecurity\UserRoleSystem\User.user"
    LogicalPath="Config1.X20CP1586.AccessAndSecurity.UserRoleSystem.User.user"
    Type="File"
    LastWriteTime="132965405895256403"
    Private="false" />
  <Object
    Path="C:\projects\BnR_Dummy\Physical\Config1\X20CP1586\AccessAndSecurity\CertificateStore\Package.pkg"
    LogicalPath="Config1.X20CP1586.AccessAndSecurity.CertificateStore"
    Type="Package"
    LastWriteTime="132965405895554175" />
  <Object
    Path="C:\projects\BnR_Dummy\Physical\Config1\X20CP1586\AccessAndSecurity\CertificateStore\OwnCertificates\Package.pkg"
    LogicalPath="Config1.X20CP1586.AccessAndSecurity.CertificateStore.OwnCertificates"
    Type="Package"
    LastWriteTime="132965405895404581" />
  <Object
    Path="C:\projects\BnR_Dummy\Physical\Config1\X20CP1586\AccessAndSecurity\CertificateStore\OwnCertificates\Certificates\Package.pkg"
    LogicalPath="Config1.X20CP1586.AccessAndSecurity.CertificateStore.OwnCertificates.Certificates"
    Type="Package"
    LastWriteTime="132965405895364680" />
  <Object
    Path="C:\projects\BnR_Dummy\Physical\Config1\X20CP1586\AccessAndSecurity\CertificateStore\OwnCertificates\PrivateKeys\Package.pkg"
    LogicalPath="Config1.X20CP1586.AccessAndSecurity.CertificateStore.OwnCertificates.PrivateKeys"
    Type="Package"
    LastWriteTime="132965405895394609" />
  <Object
    Path="C:\projects\BnR_Dummy\Physical\Config1\X20CP1586\AccessAndSecurity\CertificateStore\ThirdPartyCertificates\Package.pkg"
    LogicalPath="Config1.X20CP1586.AccessAndSecurity.CertificateStore.ThirdPartyCertificates"
    Type="Package"
    LastWriteTime="132965405895474398" />
  <Object
    Path="C:\projects\BnR_Dummy\Physical\Config1\X20CP1586\AccessAndSecurity\CertificateStore\ThirdPartyCertificates\SoftwareCertificates\Package.pkg"
    LogicalPath="Config1.X20CP1586.AccessAndSecurity.CertificateStore.ThirdPartyCertificates.SoftwareCertificates"
    Type="Package"
    LastWriteTime="132965405895474398" />
  <Object
    Path="C:\projects\BnR_Dummy\Physical\Config1\X20CP1586\AccessAndSecurity\CertificateStore\CertificateRevocationLists\Package.pkg"
    LogicalPath="Config1.X20CP1586.AccessAndSecurity.CertificateStore.CertificateRevocationLists"
    Type="Package"
    LastWriteTime="132965405895514277" />
  <Object
    Path="C:\projects\BnR_Dummy\Physical\Config1\X20CP1586\AccessAndSecurity\CertificateStore\CertificateSigningRequests\Package.pkg"
    LogicalPath="Config1.X20CP1586.AccessAndSecurity.CertificateStore.CertificateSigningRequests"
    Type="Package"
    LastWriteTime="132965405895544211" />
  <Object
    Path="C:\projects\BnR_Dummy\Physical\Config1\X20CP1586\AccessAndSecurity\TransportLayerSecurity\Package.pkg"
    LogicalPath="Config1.X20CP1586.AccessAndSecurity.TransportLayerSecurity"
    Type="Package"
    LastWriteTime="132965405895584091" />
  <Object
    Path="C:\projects\BnR_Dummy\Physical\Config1\X20CP1586\AccessAndSecurity\Firewall\Package.pkg"
    LogicalPath="Config1.X20CP1586.AccessAndSecurity.Firewall"
    Type="Package"
    LastWriteTime="132965405895653912" />
  <Object
    Path="C:\projects\BnR_Dummy\Physical\Config1\X20CP1586\AccessAndSecurity\Firewall\Rules.firewallRules"
    LogicalPath="Config1.X20CP1586.AccessAndSecurity.Firewall.Rules.firewallRules"
    Type="File"
    LastWriteTime="132965405895653912"
    Private="false" />
  <Object
    Path="C:\projects\BnR_Dummy\Physical\Config1\X20CP1586\mappControl\Package.pkg"
    LogicalPath="Config1.X20CP1586.mappControl"
    Type="Package"
    LastWriteTime="132965405895713747" />
  <Object
    Path="C:\projects\BnR_Dummy\Physical\Config1\X20CP1586\mappMotion\Package.pkg"
    LogicalPath="Config1.X20CP1586.mappMotion"
    Type="Package"
    LastWriteTime="132965405895783564" />
  <Object
    Path="C:\projects\BnR_Dummy\Physical\Config1\X20CP1586\mappServices\Package.pkg"
    LogicalPath="Config1.X20CP1586.mappServices"
    Type="Package"
    LastWriteTime="132965405895853371" />
  <Object
    Path="C:\projects\BnR_Dummy\Physical\Config1\X20CP1586\mappView\Package.pkg"
    LogicalPath="Config1.X20CP1586.mappView"
    Type="Package"
    LastWriteTime="132965405895916593" />
  <Object
    Path="C:\projects\BnR_Dummy\Physical\Config1\X20CP1586\mappCockpit\Package.pkg"
    LogicalPath="Config1.X20CP1586.mappCockpit"
    Type="Package"
    LastWriteTime="132965405895986433" />
  <Object
    Path="C:\projects\BnR_Dummy\Physical\Config1\Hardware.jpg"
    LogicalPath="Config1.Hardware.jpg"
    Type="File"
    LastWriteTime="132965481692154760"
    Private="false" />
</Objects>